#[1]   title.s
    2                     
#[2]   arg.mac
    3                             .include "arg.mac"
    1           0000      ARG_NONE        .equ 0
    2           0001      ARG_REG         .equ 1
    3           0002      ARG_IMMED       .equ 2
    4           0003      ARG_ABS         .equ 3
    5           0003      ARG_ABSOLUTE    .equ 3
    6           0004      ARG_INDIRECT    .equ 4
    7           0005      ARG_STRING      .equ 5
    8           0006      ARG_LABEL       .equ 6
#[1]   title.s
#[2]   common.mac
    4                             .include "common.mac"
    1                     ; mov src, dst
    2                     ; dst := [src]
    3                     mova    .macro
    4                             sta \1
    5                             .endm
    6                     movx    .macro
    7                             stx \1
    8                             .endm
    9                     movy    .macro
   10                             sty \1
   11                             .endm
   12                     mov     .macro
   13                             .if \?1 = ARG_REG
   14                             st\1 \2
   15                             .else
   16                             lda \1
   17                             sta \2
   18                             .endif
   19                             .endm
   20                     
   21                     ; mov16 src16, dst16
   22                     ; dst16 := [src16]
   23                     
   24                     ; mov16 #src16, dst16
   25                     ; dst16 := src16
   26                     mov16   .macro
   27                             .if \?1 = ARG_IMMED
   28                             mov #low(\1), \2
   29                             mov #high(\1), \2+1
   30                             .else
   31                             mov \1, \2
   32                             mov \1+1, \2+1
   33                             .endif
   34                             .endm
   35                     
   36                     ; mov16 src16, dst16
   37                     ; dst16 := [src16 + x]
   38                     mov16sx .macro
   39                             lda \1,x
   40                             sta \2
   41                             lda \1+1,x
   42                             sta \2+1
   43                             .endm
   44                     
   45                     
   46                     ; add16 dst16, src16
   47                     ; dst16 := [dst16] + [src16]
   48                     
   49                     ; add16 dst16, #val16
   50                     ; dst16 := [dst16] + val16
   51                     add16   .macro
   52                             clc
   53                             .if \?2 = ARG_IMMED
   54                             lda \1
   55                             adc #low(\2)
   56                             sta \1
   57                             lda \1+1
   58                             adc #high(\2)
   59                             sta \1+1
   60                             .else
   61                             lda \1
   62                             adc \2
   63                             sta \1
   64                             lda \1+1
   65                             adc \2+1
   66                             sta \1+1
   67                             .endif
   68                             .endm
   69                     
   70                     ; inc16 dst16
   71                     ; dst16 := [dst16] + 1
   72                     inc16   .macro
   73                             add16 \1, #1
   74                             .endm
   75                     
   76                     ; asr16
   77                     asl16   .macro
   78                             asl \1+1
   79                             rol \1
   80                             .endm
   81                     
   82                     ; some ppu stuff
   83           3F00      bgpal   .equ $3f00
   84           2020      bgnam   .equ $2020
   85                     
   86                     ppua    .macro
   87                             .if \?1 = ARG_IMMED
   88                             mov #high(\1), $2006
   89                             mov #low(\1), $2006
   90                             .else
   91                             mov \1+1, $2006
   92                             mov \1, $2006
   93                             .endif
   94                             .endm
   95                     
   96                     ppuw    .macro
   97                             mov \1, $2007
   98                             .endm
   99                     
  100                     
  101                     
#[1]   title.s
#[2]   tiles.mac
    5                             .include "tiles.mac"
    1                     ;;; macro to set a tile  (tile, pos, off)
    2                             .macro  set_tile
    3                             mov     \3, tile_offset
    4                             mov     \2, tile_pos
    5                             mov16   \1, tile
    6                             jsr     draw_tile
    7                             .endm
#[1]   title.s
    6                                     
    7                     ;;; items
    8                             .inesprg 2
    9                             .ineschr 1
   10                             .inesmir 2
   11                             .inesmap 4
   12                     
   13                             
   14           0000              .zp
   15  --:0000            tile_pos: .ds   1
   16  --:0001            tile_offset: .ds        1
   17  --:0002            tile:   .ds     2
   18                     
   19  --:0004            gx:     .ds     1
   20  --:0005            gy:     .ds     1
   21  --:0006            tiles:  .ds     180
   22                     
   23                     
   24  --:00BA            tmp:    .ds     1
   25  --:00BB            tmp16:  .ds     2
   26  --:00BD            tmp16_2: .ds    2
   27                     
   28                             
   29                                     
   30           0200              .bss
   31                     
   32  --:0200            sprite: .ds     256
   33  --:0300            otiles: .ds     180
   34  --:03B4            dests:  .ds     180
   35  --:0468            flags:  .ds     180
   36  --:051C            title:  .ds     36
   37  --:0540            author: .ds     20
   38                                     
   39                     
   40                             
   41                     ;;; initialize
   42           E000              .code
   43           0002              .bank   2
   44           C000              .org    $C000
   45                     
   46  02:C000  A9 00     start:  lda     #0
   47  02:C002  8D 00 20          sta     $2000
   48  02:C005  8D 01 20          sta     $2001
   49  02:C008  78                sei
   50                             
   51  02:C009  20 62 C5          jsr     vwait   
   52  02:C00C  20 62 C5          jsr     vwait
   53                                     
   54                             
   55                             
   56                     
   57                     ;;; draw item
   58  02:C00F  20 62 C5          jsr     vwait
   59                     
   60  02:C012  A9 3F             lda     #$3f
   61  02:C014  8D 06 20          sta     $2006
   62  02:C017  A9 00             lda     #$00
   63  02:C019  8D 06 20          sta     $2006
   64  02:C01C  8D 05 20          sta     $2005
   65  02:C01F  8D 05 20          sta     $2005
   66                     
   67                     ;;; palette 0
   68  02:C022  A9 0E             lda     #$0e            ; black
   69  02:C024  8D 07 20          sta     $2007
   70  02:C027  A9 2D             lda     #$2d            ; 50gray
   71  02:C029  8D 07 20          sta     $2007
   72  02:C02C  A9 3D             lda     #$3d            ; 25gray
   73  02:C02E  8D 07 20          sta     $2007
   74  02:C031  A9 38             lda     #$38            ; orange
   75  02:C033  8D 07 20          sta     $2007
   76                     
   77                     ;;; palette 1
   78  02:C036  A9 0E             lda     #$0e
   79  02:C038  8D 07 20          sta     $2007
   80  02:C03B  A9 16             lda     #$16            ; red
   81  02:C03D  8D 07 20          sta     $2007
   82  02:C040  A9 3D             lda     #$3d            ; gray
   83  02:C042  8D 07 20          sta     $2007
   84  02:C045  A9 28             lda     #$28            ; yellow
   85  02:C047  8D 07 20          sta     $2007
   86                             
   87                             
   88                     ;;; palette 2
   89  02:C04A  A9 0E             lda     #$0e            ; black
   90  02:C04C  8D 07 20          sta     $2007
   91  02:C04F  A9 12             lda     #$12            ; blue
   92  02:C051  8D 07 20          sta     $2007
   93  02:C054  A9 3D             lda     #$3D            ; gray
   94  02:C056  8D 07 20          sta     $2007
   95  02:C059  A9 17             lda     #$17            ; brownish
   96  02:C05B  8D 07 20          sta     $2007
   97                             
   98                             
   99                     ;;; palette 3
  100  02:C05E  A9 0E             lda     #$0e            ; black
  101  02:C060  8D 07 20          sta     $2007
  102  02:C063  A9 19             lda     #$19            ; green
  103  02:C065  8D 07 20          sta     $2007
  104  02:C068  A9 3D             lda     #$3d            ; gray
  105  02:C06A  8D 07 20          sta     $2007
  106  02:C06D  A9 12             lda     #$12            ; blue
  107  02:C06F  8D 07 20          sta     $2007
  108                             
  109                             
  110                                     
  111  02:C072  20 62 C5          jsr     vwait
  112  02:C075  20 62 C5          jsr     vwait
  113                     
  114                     
  115                     
  116                     
  117  02:C078  20 62 C5          jsr     vwait
  118                             set_tile tile_brick, #0, #0
                                  mov     #0, tile_offset
                0000              .if 2 = ARG_REG
                                  .else
       02:C07B  A9 00             lda #0
       02:C07D  8D 01 00          sta tile_offset
                                  .endif
                                  mov     #0, tile_pos
                0000              .if 2 = ARG_REG
                                  .else
       02:C080  A9 00             lda #0
       02:C082  8D 00 00          sta tile_pos
                                  .endif
                                  mov16   tile_brick, tile
                0000              .if 6 = ARG_IMMED
                                  .else
                                  mov tile_brick, tile
                0000              .if 6 = ARG_REG
                                  .else
       02:C085  AD 00 C8          lda tile_brick
       02:C088  8D 02 00          sta tile
                                  .endif
                                  mov tile_brick+1, tile+1
                0000              .if 3 = ARG_REG
                                  .else
       02:C08B  AD 01 C8          lda tile_brick+1
       02:C08E  8D 03 00          sta tile+1
                                  .endif
                                  .endif
       02:C091  20 76 C5          jsr     draw_tile
  119                             set_tile tile_red, #1, #0
                                  mov     #0, tile_offset
                0000              .if 2 = ARG_REG
                                  .else
       02:C094  A9 00             lda #0
       02:C096  8D 01 00          sta tile_offset
                                  .endif
                                  mov     #1, tile_pos
                0000              .if 2 = ARG_REG
                                  .else
       02:C099  A9 01             lda #1
       02:C09B  8D 00 00          sta tile_pos
                                  .endif
                                  mov16   tile_red, tile
                0000              .if 6 = ARG_IMMED
                                  .else
                                  mov tile_red, tile
                0000              .if 6 = ARG_REG
                                  .else
       02:C09E  AD 02 C8          lda tile_red
       02:C0A1  8D 02 00          sta tile
                                  .endif
                                  mov tile_red+1, tile+1
                0000              .if 3 = ARG_REG
                                  .else
       02:C0A4  AD 03 C8          lda tile_red+1
       02:C0A7  8D 03 00          sta tile+1
                                  .endif
                                  .endif
       02:C0AA  20 76 C5          jsr     draw_tile
  120                             set_tile tile_blue, #2, #0
                                  mov     #0, tile_offset
                0000              .if 2 = ARG_REG
                                  .else
       02:C0AD  A9 00             lda #0
       02:C0AF  8D 01 00          sta tile_offset
                                  .endif
                                  mov     #2, tile_pos
                0000              .if 2 = ARG_REG
                                  .else
       02:C0B2  A9 02             lda #2
       02:C0B4  8D 00 00          sta tile_pos
                                  .endif
                                  mov16   tile_blue, tile
                0000              .if 6 = ARG_IMMED
                                  .else
                                  mov tile_blue, tile
                0000              .if 6 = ARG_REG
                                  .else
       02:C0B7  AD 04 C8          lda tile_blue
       02:C0BA  8D 02 00          sta tile
                                  .endif
                                  mov tile_blue+1, tile+1
                0000              .if 3 = ARG_REG
                                  .else
       02:C0BD  AD 05 C8          lda tile_blue+1
       02:C0C0  8D 03 00          sta tile+1
                                  .endif
                                  .endif
       02:C0C3  20 76 C5          jsr     draw_tile
  121                             set_tile tile_gray, #3, #0
                                  mov     #0, tile_offset
                0000              .if 2 = ARG_REG
                                  .else
       02:C0C6  A9 00             lda #0
       02:C0C8  8D 01 00          sta tile_offset
                                  .endif
                                  mov     #3, tile_pos
                0000              .if 2 = ARG_REG
                                  .else
       02:C0CB  A9 03             lda #3
       02:C0CD  8D 00 00          sta tile_pos
                                  .endif
                                  mov16   tile_gray, tile
                0000              .if 6 = ARG_IMMED
                                  .else
                                  mov tile_gray, tile
                0000              .if 6 = ARG_REG
                                  .else
       02:C0D0  AD 06 C8          lda tile_gray
       02:C0D3  8D 02 00          sta tile
                                  .endif
                                  mov tile_gray+1, tile+1
                0000              .if 3 = ARG_REG
                                  .else
       02:C0D6  AD 07 C8          lda tile_gray+1
       02:C0D9  8D 03 00          sta tile+1
                                  .endif
                                  .endif
       02:C0DC  20 76 C5          jsr     draw_tile
  122                             set_tile tile_green, #4, #0
                                  mov     #0, tile_offset
                0000              .if 2 = ARG_REG
                                  .else
       02:C0DF  A9 00             lda #0
       02:C0E1  8D 01 00          sta tile_offset
                                  .endif
                                  mov     #4, tile_pos
                0000              .if 2 = ARG_REG
                                  .else
       02:C0E4  A9 04             lda #4
       02:C0E6  8D 00 00          sta tile_pos
                                  .endif
                                  mov16   tile_green, tile
                0000              .if 6 = ARG_IMMED
                                  .else
                                  mov tile_green, tile
                0000              .if 6 = ARG_REG
                                  .else
       02:C0E9  AD 08 C8          lda tile_green
       02:C0EC  8D 02 00          sta tile
                                  .endif
                                  mov tile_green+1, tile+1
                0000              .if 3 = ARG_REG
                                  .else
       02:C0EF  AD 09 C8          lda tile_green+1
       02:C0F2  8D 03 00          sta tile+1
                                  .endif
                                  .endif
       02:C0F5  20 76 C5          jsr     draw_tile
  123                             set_tile tile_exit, #5, #0
                                  mov     #0, tile_offset
                0000              .if 2 = ARG_REG
                                  .else
       02:C0F8  A9 00             lda #0
       02:C0FA  8D 01 00          sta tile_offset
                                  .endif
                                  mov     #5, tile_pos
                0000              .if 2 = ARG_REG
                                  .else
       02:C0FD  A9 05             lda #5
       02:C0FF  8D 00 00          sta tile_pos
                                  .endif
                                  mov16   tile_exit, tile
                0000              .if 6 = ARG_IMMED
                                  .else
                                  mov tile_exit, tile
                0000              .if 6 = ARG_REG
                                  .else
       02:C102  AD 0A C8          lda tile_exit
       02:C105  8D 02 00          sta tile
                                  .endif
                                  mov tile_exit+1, tile+1
                0000              .if 3 = ARG_REG
                                  .else
       02:C108  AD 0B C8          lda tile_exit+1
       02:C10B  8D 03 00          sta tile+1
                                  .endif
                                  .endif
       02:C10E  20 76 C5          jsr     draw_tile
  124                             set_tile tile_hole, #6, #0
                                  mov     #0, tile_offset
                0000              .if 2 = ARG_REG
                                  .else
       02:C111  A9 00             lda #0
       02:C113  8D 01 00          sta tile_offset
                                  .endif
                                  mov     #6, tile_pos
                0000              .if 2 = ARG_REG
                                  .else
       02:C116  A9 06             lda #6
       02:C118  8D 00 00          sta tile_pos
                                  .endif
                                  mov16   tile_hole, tile
                0000              .if 6 = ARG_IMMED
                                  .else
                                  mov tile_hole, tile
                0000              .if 6 = ARG_REG
                                  .else
       02:C11B  AD 0C C8          lda tile_hole
       02:C11E  8D 02 00          sta tile
                                  .endif
                                  mov tile_hole+1, tile+1
                0000              .if 3 = ARG_REG
                                  .else
       02:C121  AD 0D C8          lda tile_hole+1
       02:C124  8D 03 00          sta tile+1
                                  .endif
                                  .endif
       02:C127  20 76 C5          jsr     draw_tile
  125                             set_tile tile_yellow, #7, #0
                                  mov     #0, tile_offset
                0000              .if 2 = ARG_REG
                                  .else
       02:C12A  A9 00             lda #0
       02:C12C  8D 01 00          sta tile_offset
                                  .endif
                                  mov     #7, tile_pos
                0000              .if 2 = ARG_REG
                                  .else
       02:C12F  A9 07             lda #7
       02:C131  8D 00 00          sta tile_pos
                                  .endif
                                  mov16   tile_yellow, tile
                0000              .if 6 = ARG_IMMED
                                  .else
                                  mov tile_yellow, tile
                0000              .if 6 = ARG_REG
                                  .else
       02:C134  AD 0E C8          lda tile_yellow
       02:C137  8D 02 00          sta tile
                                  .endif
                                  mov tile_yellow+1, tile+1
                0000              .if 3 = ARG_REG
                                  .else
       02:C13A  AD 0F C8          lda tile_yellow+1
       02:C13D  8D 03 00          sta tile+1
                                  .endif
                                  .endif
       02:C140  20 76 C5          jsr     draw_tile
  126                             set_tile tile_laser, #8, #0
                                  mov     #0, tile_offset
                0000              .if 2 = ARG_REG
                                  .else
       02:C143  A9 00             lda #0
       02:C145  8D 01 00          sta tile_offset
                                  .endif
                                  mov     #8, tile_pos
                0000              .if 2 = ARG_REG
                                  .else
       02:C148  A9 08             lda #8
       02:C14A  8D 00 00          sta tile_pos
                                  .endif
                                  mov16   tile_laser, tile
                0000              .if 6 = ARG_IMMED
                                  .else
                                  mov tile_laser, tile
                0000              .if 6 = ARG_REG
                                  .else
       02:C14D  AD 10 C8          lda tile_laser
       02:C150  8D 02 00          sta tile
                                  .endif
                                  mov tile_laser+1, tile+1
                0000              .if 3 = ARG_REG
                                  .else
       02:C153  AD 11 C8          lda tile_laser+1
       02:C156  8D 03 00          sta tile+1
                                  .endif
                                  .endif
       02:C159  20 76 C5          jsr     draw_tile
  127                             set_tile tile_spot, #9, #0
                                  mov     #0, tile_offset
                0000              .if 2 = ARG_REG
                                  .else
       02:C15C  A9 00             lda #0
       02:C15E  8D 01 00          sta tile_offset
                                  .endif
                                  mov     #9, tile_pos
                0000              .if 2 = ARG_REG
                                  .else
       02:C161  A9 09             lda #9
       02:C163  8D 00 00          sta tile_pos
                                  .endif
                                  mov16   tile_spot, tile
                0000              .if 6 = ARG_IMMED
                                  .else
                                  mov tile_spot, tile
                0000              .if 6 = ARG_REG
                                  .else
       02:C166  AD 12 C8          lda tile_spot
       02:C169  8D 02 00          sta tile
                                  .endif
                                  mov tile_spot+1, tile+1
                0000              .if 3 = ARG_REG
                                  .else
       02:C16C  AD 13 C8          lda tile_spot+1
       02:C16F  8D 03 00          sta tile+1
                                  .endif
                                  .endif
       02:C172  20 76 C5          jsr     draw_tile
  128                             set_tile tile_stop, #10, #0
                                  mov     #0, tile_offset
                0000              .if 2 = ARG_REG
                                  .else
       02:C175  A9 00             lda #0
       02:C177  8D 01 00          sta tile_offset
                                  .endif
                                  mov     #10, tile_pos
                0000              .if 2 = ARG_REG
                                  .else
       02:C17A  A9 0A             lda #10
       02:C17C  8D 00 00          sta tile_pos
                                  .endif
                                  mov16   tile_stop, tile
                0000              .if 6 = ARG_IMMED
                                  .else
                                  mov tile_stop, tile
                0000              .if 6 = ARG_REG
                                  .else
       02:C17F  AD 14 C8          lda tile_stop
       02:C182  8D 02 00          sta tile
                                  .endif
                                  mov tile_stop+1, tile+1
                0000              .if 3 = ARG_REG
                                  .else
       02:C185  AD 15 C8          lda tile_stop+1
       02:C188  8D 03 00          sta tile+1
                                  .endif
                                  .endif
       02:C18B  20 76 C5          jsr     draw_tile
  129                             set_tile tile_right, #11, #0
                                  mov     #0, tile_offset
                0000              .if 2 = ARG_REG
                                  .else
       02:C18E  A9 00             lda #0
       02:C190  8D 01 00          sta tile_offset
                                  .endif
                                  mov     #11, tile_pos
                0000              .if 2 = ARG_REG
                                  .else
       02:C193  A9 0B             lda #11
       02:C195  8D 00 00          sta tile_pos
                                  .endif
                                  mov16   tile_right, tile
                0000              .if 6 = ARG_IMMED
                                  .else
                                  mov tile_right, tile
                0000              .if 6 = ARG_REG
                                  .else
       02:C198  AD 16 C8          lda tile_right
       02:C19B  8D 02 00          sta tile
                                  .endif
                                  mov tile_right+1, tile+1
                0000              .if 3 = ARG_REG
                                  .else
       02:C19E  AD 17 C8          lda tile_right+1
       02:C1A1  8D 03 00          sta tile+1
                                  .endif
                                  .endif
       02:C1A4  20 76 C5          jsr     draw_tile
  130                             set_tile tile_left, #12, #0
                                  mov     #0, tile_offset
                0000              .if 2 = ARG_REG
                                  .else
       02:C1A7  A9 00             lda #0
       02:C1A9  8D 01 00          sta tile_offset
                                  .endif
                                  mov     #12, tile_pos
                0000              .if 2 = ARG_REG
                                  .else
       02:C1AC  A9 0C             lda #12
       02:C1AE  8D 00 00          sta tile_pos
                                  .endif
                                  mov16   tile_left, tile
                0000              .if 6 = ARG_IMMED
                                  .else
                                  mov tile_left, tile
                0000              .if 6 = ARG_REG
                                  .else
       02:C1B1  AD 18 C8          lda tile_left
       02:C1B4  8D 02 00          sta tile
                                  .endif
                                  mov tile_left+1, tile+1
                0000              .if 3 = ARG_REG
                                  .else
       02:C1B7  AD 19 C8          lda tile_left+1
       02:C1BA  8D 03 00          sta tile+1
                                  .endif
                                  .endif
       02:C1BD  20 76 C5          jsr     draw_tile
  131                             set_tile tile_up, #13, #0
                                  mov     #0, tile_offset
                0000              .if 2 = ARG_REG
                                  .else
       02:C1C0  A9 00             lda #0
       02:C1C2  8D 01 00          sta tile_offset
                                  .endif
                                  mov     #13, tile_pos
                0000              .if 2 = ARG_REG
                                  .else
       02:C1C5  A9 0D             lda #13
       02:C1C7  8D 00 00          sta tile_pos
                                  .endif
                                  mov16   tile_up, tile
                0000              .if 6 = ARG_IMMED
                                  .else
                                  mov tile_up, tile
                0000              .if 6 = ARG_REG
                                  .else
       02:C1CA  AD 1A C8          lda tile_up
       02:C1CD  8D 02 00          sta tile
                                  .endif
                                  mov tile_up+1, tile+1
                0000              .if 3 = ARG_REG
                                  .else
       02:C1D0  AD 1B C8          lda tile_up+1
       02:C1D3  8D 03 00          sta tile+1
                                  .endif
                                  .endif
       02:C1D6  20 76 C5          jsr     draw_tile
  132                             set_tile tile_down, #14, #0
                                  mov     #0, tile_offset
                0000              .if 2 = ARG_REG
                                  .else
       02:C1D9  A9 00             lda #0
       02:C1DB  8D 01 00          sta tile_offset
                                  .endif
                                  mov     #14, tile_pos
                0000              .if 2 = ARG_REG
                                  .else
       02:C1DE  A9 0E             lda #14
       02:C1E0  8D 00 00          sta tile_pos
                                  .endif
                                  mov16   tile_down, tile
                0000              .if 6 = ARG_IMMED
                                  .else
                                  mov tile_down, tile
                0000              .if 6 = ARG_REG
                                  .else
       02:C1E3  AD 1C C8          lda tile_down
       02:C1E6  8D 02 00          sta tile
                                  .endif
                                  mov tile_down+1, tile+1
                0000              .if 3 = ARG_REG
                                  .else
       02:C1E9  AD 1D C8          lda tile_down+1
       02:C1EC  8D 03 00          sta tile+1
                                  .endif
                                  .endif
       02:C1EF  20 76 C5          jsr     draw_tile
  133                             set_tile tile_rough, #15, #0
                                  mov     #0, tile_offset
                0000              .if 2 = ARG_REG
                                  .else
       02:C1F2  A9 00             lda #0
       02:C1F4  8D 01 00          sta tile_offset
                                  .endif
                                  mov     #15, tile_pos
                0000              .if 2 = ARG_REG
                                  .else
       02:C1F7  A9 0F             lda #15
       02:C1F9  8D 00 00          sta tile_pos
                                  .endif
                                  mov16   tile_rough, tile
                0000              .if 6 = ARG_IMMED
                                  .else
                                  mov tile_rough, tile
                0000              .if 6 = ARG_REG
                                  .else
       02:C1FC  AD 1E C8          lda tile_rough
       02:C1FF  8D 02 00          sta tile
                                  .endif
                                  mov tile_rough+1, tile+1
                0000              .if 3 = ARG_REG
                                  .else
       02:C202  AD 1F C8          lda tile_rough+1
       02:C205  8D 03 00          sta tile+1
                                  .endif
                                  .endif
       02:C208  20 76 C5          jsr     draw_tile
  134                             set_tile tile_elec, #16, #1
                                  mov     #1, tile_offset
                0000              .if 2 = ARG_REG
                                  .else
       02:C20B  A9 01             lda #1
       02:C20D  8D 01 00          sta tile_offset
                                  .endif
                                  mov     #16, tile_pos
                0000              .if 2 = ARG_REG
                                  .else
       02:C210  A9 10             lda #16
       02:C212  8D 00 00          sta tile_pos
                                  .endif
                                  mov16   tile_elec, tile
                0000              .if 6 = ARG_IMMED
                                  .else
                                  mov tile_elec, tile
                0000              .if 6 = ARG_REG
                                  .else
       02:C215  AD 20 C8          lda tile_elec
       02:C218  8D 02 00          sta tile
                                  .endif
                                  mov tile_elec+1, tile+1
                0000              .if 3 = ARG_REG
                                  .else
       02:C21B  AD 21 C8          lda tile_elec+1
       02:C21E  8D 03 00          sta tile+1
                                  .endif
                                  .endif
       02:C221  20 76 C5          jsr     draw_tile
  135                             set_tile tile_on, #17, #1
                                  mov     #1, tile_offset
                0000              .if 2 = ARG_REG
                                  .else
       02:C224  A9 01             lda #1
       02:C226  8D 01 00          sta tile_offset
                                  .endif
                                  mov     #17, tile_pos
                0000              .if 2 = ARG_REG
                                  .else
       02:C229  A9 11             lda #17
       02:C22B  8D 00 00          sta tile_pos
                                  .endif
                                  mov16   tile_on, tile
                0000              .if 6 = ARG_IMMED
                                  .else
                                  mov tile_on, tile
                0000              .if 6 = ARG_REG
                                  .else
       02:C22E  AD 22 C8          lda tile_on
       02:C231  8D 02 00          sta tile
                                  .endif
                                  mov tile_on+1, tile+1
                0000              .if 3 = ARG_REG
                                  .else
       02:C234  AD 23 C8          lda tile_on+1
       02:C237  8D 03 00          sta tile+1
                                  .endif
                                  .endif
       02:C23A  20 76 C5          jsr     draw_tile
  136                             set_tile tile_off, #18, #1
                                  mov     #1, tile_offset
                0000              .if 2 = ARG_REG
                                  .else
       02:C23D  A9 01             lda #1
       02:C23F  8D 01 00          sta tile_offset
                                  .endif
                                  mov     #18, tile_pos
                0000              .if 2 = ARG_REG
                                  .else
       02:C242  A9 12             lda #18
       02:C244  8D 00 00          sta tile_pos
                                  .endif
                                  mov16   tile_off, tile
                0000              .if 6 = ARG_IMMED
                                  .else
                                  mov tile_off, tile
                0000              .if 6 = ARG_REG
                                  .else
       02:C247  AD 24 C8          lda tile_off
       02:C24A  8D 02 00          sta tile
                                  .endif
                                  mov tile_off+1, tile+1
                0000              .if 3 = ARG_REG
                                  .else
       02:C24D  AD 25 C8          lda tile_off+1
       02:C250  8D 03 00          sta tile+1
                                  .endif
                                  .endif
       02:C253  20 76 C5          jsr     draw_tile
  137                             set_tile tile_tele, #19, #1
                                  mov     #1, tile_offset
                0000              .if 2 = ARG_REG
                                  .else
       02:C256  A9 01             lda #1
       02:C258  8D 01 00          sta tile_offset
                                  .endif
                                  mov     #19, tile_pos
                0000              .if 2 = ARG_REG
                                  .else
       02:C25B  A9 13             lda #19
       02:C25D  8D 00 00          sta tile_pos
                                  .endif
                                  mov16   tile_tele, tile
                0000              .if 6 = ARG_IMMED
                                  .else
                                  mov tile_tele, tile
                0000              .if 6 = ARG_REG
                                  .else
       02:C260  AD 26 C8          lda tile_tele
       02:C263  8D 02 00          sta tile
                                  .endif
                                  mov tile_tele+1, tile+1
                0000              .if 3 = ARG_REG
                                  .else
       02:C266  AD 27 C8          lda tile_tele+1
       02:C269  8D 03 00          sta tile+1
                                  .endif
                                  .endif
       02:C26C  20 76 C5          jsr     draw_tile
  138                             set_tile tile_break, #20, #1
                                  mov     #1, tile_offset
                0000              .if 2 = ARG_REG
                                  .else
       02:C26F  A9 01             lda #1
       02:C271  8D 01 00          sta tile_offset
                                  .endif
                                  mov     #20, tile_pos
                0000              .if 2 = ARG_REG
                                  .else
       02:C274  A9 14             lda #20
       02:C276  8D 00 00          sta tile_pos
                                  .endif
                                  mov16   tile_break, tile
                0000              .if 6 = ARG_IMMED
                                  .else
                                  mov tile_break, tile
                0000              .if 6 = ARG_REG
                                  .else
       02:C279  AD 28 C8          lda tile_break
       02:C27C  8D 02 00          sta tile
                                  .endif
                                  mov tile_break+1, tile+1
                0000              .if 3 = ARG_REG
                                  .else
       02:C27F  AD 29 C8          lda tile_break+1
       02:C282  8D 03 00          sta tile+1
                                  .endif
                                  .endif
       02:C285  20 76 C5          jsr     draw_tile
  139                             set_tile tile_lr, #21, #1
                                  mov     #1, tile_offset
                0000              .if 2 = ARG_REG
                                  .else
       02:C288  A9 01             lda #1
       02:C28A  8D 01 00          sta tile_offset
                                  .endif
                                  mov     #21, tile_pos
                0000              .if 2 = ARG_REG
                                  .else
       02:C28D  A9 15             lda #21
       02:C28F  8D 00 00          sta tile_pos
                                  .endif
                                  mov16   tile_lr, tile
                0000              .if 6 = ARG_IMMED
                                  .else
                                  mov tile_lr, tile
                0000              .if 6 = ARG_REG
                                  .else
       02:C292  AD 2A C8          lda tile_lr
       02:C295  8D 02 00          sta tile
                                  .endif
                                  mov tile_lr+1, tile+1
                0000              .if 3 = ARG_REG
                                  .else
       02:C298  AD 2B C8          lda tile_lr+1
       02:C29B  8D 03 00          sta tile+1
                                  .endif
                                  .endif
       02:C29E  20 76 C5          jsr     draw_tile
  140                             set_tile tile_ud, #22, #1
                                  mov     #1, tile_offset
                0000              .if 2 = ARG_REG
                                  .else
       02:C2A1  A9 01             lda #1
       02:C2A3  8D 01 00          sta tile_offset
                                  .endif
                                  mov     #22, tile_pos
                0000              .if 2 = ARG_REG
                                  .else
       02:C2A6  A9 16             lda #22
       02:C2A8  8D 00 00          sta tile_pos
                                  .endif
                                  mov16   tile_ud, tile
                0000              .if 6 = ARG_IMMED
                                  .else
                                  mov tile_ud, tile
                0000              .if 6 = ARG_REG
                                  .else
       02:C2AB  AD 2C C8          lda tile_ud
       02:C2AE  8D 02 00          sta tile
                                  .endif
                                  mov tile_ud+1, tile+1
                0000              .if 3 = ARG_REG
                                  .else
       02:C2B1  AD 2D C8          lda tile_ud+1
       02:C2B4  8D 03 00          sta tile+1
                                  .endif
                                  .endif
       02:C2B7  20 76 C5          jsr     draw_tile
  141                             set_tile tile_0, #23, #1
                                  mov     #1, tile_offset
                0000              .if 2 = ARG_REG
                                  .else
       02:C2BA  A9 01             lda #1
       02:C2BC  8D 01 00          sta tile_offset
                                  .endif
                                  mov     #23, tile_pos
                0000              .if 2 = ARG_REG
                                  .else
       02:C2BF  A9 17             lda #23
       02:C2C1  8D 00 00          sta tile_pos
                                  .endif
                                  mov16   tile_0, tile
                0000              .if 6 = ARG_IMMED
                                  .else
                                  mov tile_0, tile
                0000              .if 6 = ARG_REG
                                  .else
       02:C2C4  AD 2E C8          lda tile_0
       02:C2C7  8D 02 00          sta tile
                                  .endif
                                  mov tile_0+1, tile+1
                0000              .if 3 = ARG_REG
                                  .else
       02:C2CA  AD 2F C8          lda tile_0+1
       02:C2CD  8D 03 00          sta tile+1
                                  .endif
                                  .endif
       02:C2D0  20 76 C5          jsr     draw_tile
  142                             set_tile tile_1, #24, #1
                                  mov     #1, tile_offset
                0000              .if 2 = ARG_REG
                                  .else
       02:C2D3  A9 01             lda #1
       02:C2D5  8D 01 00          sta tile_offset
                                  .endif
                                  mov     #24, tile_pos
                0000              .if 2 = ARG_REG
                                  .else
       02:C2D8  A9 18             lda #24
       02:C2DA  8D 00 00          sta tile_pos
                                  .endif
                                  mov16   tile_1, tile
                0000              .if 6 = ARG_IMMED
                                  .else
                                  mov tile_1, tile
                0000              .if 6 = ARG_REG
                                  .else
       02:C2DD  AD 30 C8          lda tile_1
       02:C2E0  8D 02 00          sta tile
                                  .endif
                                  mov tile_1+1, tile+1
                0000              .if 3 = ARG_REG
                                  .else
       02:C2E3  AD 31 C8          lda tile_1+1
       02:C2E6  8D 03 00          sta tile+1
                                  .endif
                                  .endif
       02:C2E9  20 76 C5          jsr     draw_tile
  143                             set_tile tile_w1, #25, #1
                                  mov     #1, tile_offset
                0000              .if 2 = ARG_REG
                                  .else
       02:C2EC  A9 01             lda #1
       02:C2EE  8D 01 00          sta tile_offset
                                  .endif
                                  mov     #25, tile_pos
                0000              .if 2 = ARG_REG
                                  .else
       02:C2F1  A9 19             lda #25
       02:C2F3  8D 00 00          sta tile_pos
                                  .endif
                                  mov16   tile_w1, tile
                0000              .if 6 = ARG_IMMED
                                  .else
                                  mov tile_w1, tile
                0000              .if 6 = ARG_REG
                                  .else
       02:C2F6  AD 32 C8          lda tile_w1
       02:C2F9  8D 02 00          sta tile
                                  .endif
                                  mov tile_w1+1, tile+1
                0000              .if 3 = ARG_REG
                                  .else
       02:C2FC  AD 33 C8          lda tile_w1+1
       02:C2FF  8D 03 00          sta tile+1
                                  .endif
                                  .endif
       02:C302  20 76 C5          jsr     draw_tile
  144                             set_tile tile_w2, #26, #1
                                  mov     #1, tile_offset
                0000              .if 2 = ARG_REG
                                  .else
       02:C305  A9 01             lda #1
       02:C307  8D 01 00          sta tile_offset
                                  .endif
                                  mov     #26, tile_pos
                0000              .if 2 = ARG_REG
                                  .else
       02:C30A  A9 1A             lda #26
       02:C30C  8D 00 00          sta tile_pos
                                  .endif
                                  mov16   tile_w2, tile
                0000              .if 6 = ARG_IMMED
                                  .else
                                  mov tile_w2, tile
                0000              .if 6 = ARG_REG
                                  .else
       02:C30F  AD 34 C8          lda tile_w2
       02:C312  8D 02 00          sta tile
                                  .endif
                                  mov tile_w2+1, tile+1
                0000              .if 3 = ARG_REG
                                  .else
       02:C315  AD 35 C8          lda tile_w2+1
       02:C318  8D 03 00          sta tile+1
                                  .endif
                                  .endif
       02:C31B  20 76 C5          jsr     draw_tile
  145                             set_tile tile_w3, #27, #1
                                  mov     #1, tile_offset
                0000              .if 2 = ARG_REG
                                  .else
       02:C31E  A9 01             lda #1
       02:C320  8D 01 00          sta tile_offset
                                  .endif
                                  mov     #27, tile_pos
                0000              .if 2 = ARG_REG
                                  .else
       02:C323  A9 1B             lda #27
       02:C325  8D 00 00          sta tile_pos
                                  .endif
                                  mov16   tile_w3, tile
                0000              .if 6 = ARG_IMMED
                                  .else
                                  mov tile_w3, tile
                0000              .if 6 = ARG_REG
                                  .else
       02:C328  AD 36 C8          lda tile_w3
       02:C32B  8D 02 00          sta tile
                                  .endif
                                  mov tile_w3+1, tile+1
                0000              .if 3 = ARG_REG
                                  .else
       02:C32E  AD 37 C8          lda tile_w3+1
       02:C331  8D 03 00          sta tile+1
                                  .endif
                                  .endif
       02:C334  20 76 C5          jsr     draw_tile
  146                             set_tile tile_w4, #28, #1
                                  mov     #1, tile_offset
                0000              .if 2 = ARG_REG
                                  .else
       02:C337  A9 01             lda #1
       02:C339  8D 01 00          sta tile_offset
                                  .endif
                                  mov     #28, tile_pos
                0000              .if 2 = ARG_REG
                                  .else
       02:C33C  A9 1C             lda #28
       02:C33E  8D 00 00          sta tile_pos
                                  .endif
                                  mov16   tile_w4, tile
                0000              .if 6 = ARG_IMMED
                                  .else
                                  mov tile_w4, tile
                0000              .if 6 = ARG_REG
                                  .else
       02:C341  AD 38 C8          lda tile_w4
       02:C344  8D 02 00          sta tile
                                  .endif
                                  mov tile_w4+1, tile+1
                0000              .if 3 = ARG_REG
                                  .else
       02:C347  AD 39 C8          lda tile_w4+1
       02:C34A  8D 03 00          sta tile+1
                                  .endif
                                  .endif
       02:C34D  20 76 C5          jsr     draw_tile
  147                             set_tile tile_w5, #29, #1
                                  mov     #1, tile_offset
                0000              .if 2 = ARG_REG
                                  .else
       02:C350  A9 01             lda #1
       02:C352  8D 01 00          sta tile_offset
                                  .endif
                                  mov     #29, tile_pos
                0000              .if 2 = ARG_REG
                                  .else
       02:C355  A9 1D             lda #29
       02:C357  8D 00 00          sta tile_pos
                                  .endif
                                  mov16   tile_w5, tile
                0000              .if 6 = ARG_IMMED
                                  .else
                                  mov tile_w5, tile
                0000              .if 6 = ARG_REG
                                  .else
       02:C35A  AD 3A C8          lda tile_w5
       02:C35D  8D 02 00          sta tile
                                  .endif
                                  mov tile_w5+1, tile+1
                0000              .if 3 = ARG_REG
                                  .else
       02:C360  AD 3B C8          lda tile_w5+1
       02:C363  8D 03 00          sta tile+1
                                  .endif
                                  .endif
       02:C366  20 76 C5          jsr     draw_tile
  148                             set_tile tile_w6, #30, #1
                                  mov     #1, tile_offset
                0000              .if 2 = ARG_REG
                                  .else
       02:C369  A9 01             lda #1
       02:C36B  8D 01 00          sta tile_offset
                                  .endif
                                  mov     #30, tile_pos
                0000              .if 2 = ARG_REG
                                  .else
       02:C36E  A9 1E             lda #30
       02:C370  8D 00 00          sta tile_pos
                                  .endif
                                  mov16   tile_w6, tile
                0000              .if 6 = ARG_IMMED
                                  .else
                                  mov tile_w6, tile
                0000              .if 6 = ARG_REG
                                  .else
       02:C373  AD 3C C8          lda tile_w6
       02:C376  8D 02 00          sta tile
                                  .endif
                                  mov tile_w6+1, tile+1
                0000              .if 3 = ARG_REG
                                  .else
       02:C379  AD 3D C8          lda tile_w6+1
       02:C37C  8D 03 00          sta tile+1
                                  .endif
                                  .endif
       02:C37F  20 76 C5          jsr     draw_tile
  149                             set_tile tile_ws, #31, #1
                                  mov     #1, tile_offset
                0000              .if 2 = ARG_REG
                                  .else
       02:C382  A9 01             lda #1
       02:C384  8D 01 00          sta tile_offset
                                  .endif
                                  mov     #31, tile_pos
                0000              .if 2 = ARG_REG
                                  .else
       02:C387  A9 1F             lda #31
       02:C389  8D 00 00          sta tile_pos
                                  .endif
                                  mov16   tile_ws, tile
                0000              .if 6 = ARG_IMMED
                                  .else
                                  mov tile_ws, tile
                0000              .if 6 = ARG_REG
                                  .else
       02:C38C  AD 3E C8          lda tile_ws
       02:C38F  8D 02 00          sta tile
                                  .endif
                                  mov tile_ws+1, tile+1
                0000              .if 3 = ARG_REG
                                  .else
       02:C392  AD 3F C8          lda tile_ws+1
       02:C395  8D 03 00          sta tile+1
                                  .endif
                                  .endif
       02:C398  20 76 C5          jsr     draw_tile
  150                             set_tile tile_wb, #32, #2
                                  mov     #2, tile_offset
                0000              .if 2 = ARG_REG
                                  .else
       02:C39B  A9 02             lda #2
       02:C39D  8D 01 00          sta tile_offset
                                  .endif
                                  mov     #32, tile_pos
                0000              .if 2 = ARG_REG
                                  .else
       02:C3A0  A9 20             lda #32
       02:C3A2  8D 00 00          sta tile_pos
                                  .endif
                                  mov16   tile_wb, tile
                0000              .if 6 = ARG_IMMED
                                  .else
                                  mov tile_wb, tile
                0000              .if 6 = ARG_REG
                                  .else
       02:C3A5  AD 40 C8          lda tile_wb
       02:C3A8  8D 02 00          sta tile
                                  .endif
                                  mov tile_wb+1, tile+1
                0000              .if 3 = ARG_REG
                                  .else
       02:C3AB  AD 41 C8          lda tile_wb+1
       02:C3AE  8D 03 00          sta tile+1
                                  .endif
                                  .endif
       02:C3B1  20 76 C5          jsr     draw_tile
  151                             set_tile tile_wr, #33, #2
                                  mov     #2, tile_offset
                0000              .if 2 = ARG_REG
                                  .else
       02:C3B4  A9 02             lda #2
       02:C3B6  8D 01 00          sta tile_offset
                                  .endif
                                  mov     #33, tile_pos
                0000              .if 2 = ARG_REG
                                  .else
       02:C3B9  A9 21             lda #33
       02:C3BB  8D 00 00          sta tile_pos
                                  .endif
                                  mov16   tile_wr, tile
                0000              .if 6 = ARG_IMMED
                                  .else
                                  mov tile_wr, tile
                0000              .if 6 = ARG_REG
                                  .else
       02:C3BE  AD 42 C8          lda tile_wr
       02:C3C1  8D 02 00          sta tile
                                  .endif
                                  mov tile_wr+1, tile+1
                0000              .if 3 = ARG_REG
                                  .else
       02:C3C4  AD 43 C8          lda tile_wr+1
       02:C3C7  8D 03 00          sta tile+1
                                  .endif
                                  .endif
       02:C3CA  20 76 C5          jsr     draw_tile
  152                             set_tile tile_wg, #34, #2
                                  mov     #2, tile_offset
                0000              .if 2 = ARG_REG
                                  .else
       02:C3CD  A9 02             lda #2
       02:C3CF  8D 01 00          sta tile_offset
                                  .endif
                                  mov     #34, tile_pos
                0000              .if 2 = ARG_REG
                                  .else
       02:C3D2  A9 22             lda #34
       02:C3D4  8D 00 00          sta tile_pos
                                  .endif
                                  mov16   tile_wg, tile
                0000              .if 6 = ARG_IMMED
                                  .else
                                  mov tile_wg, tile
                0000              .if 6 = ARG_REG
                                  .else
       02:C3D7  AD 44 C8          lda tile_wg
       02:C3DA  8D 02 00          sta tile
                                  .endif
                                  mov tile_wg+1, tile+1
                0000              .if 3 = ARG_REG
                                  .else
       02:C3DD  AD 45 C8          lda tile_wg+1
       02:C3E0  8D 03 00          sta tile+1
                                  .endif
                                  .endif
       02:C3E3  20 76 C5          jsr     draw_tile
  153                             set_tile tile_blueup, #35, #2
                                  mov     #2, tile_offset
                0000              .if 2 = ARG_REG
                                  .else
       02:C3E6  A9 02             lda #2
       02:C3E8  8D 01 00          sta tile_offset
                                  .endif
                                  mov     #35, tile_pos
                0000              .if 2 = ARG_REG
                                  .else
       02:C3EB  A9 23             lda #35
       02:C3ED  8D 00 00          sta tile_pos
                                  .endif
                                  mov16   tile_blueup, tile
                0000              .if 6 = ARG_IMMED
                                  .else
                                  mov tile_blueup, tile
                0000              .if 6 = ARG_REG
                                  .else
       02:C3F0  AD 46 C8          lda tile_blueup
       02:C3F3  8D 02 00          sta tile
                                  .endif
                                  mov tile_blueup+1, tile+1
                0000              .if 3 = ARG_REG
                                  .else
       02:C3F6  AD 47 C8          lda tile_blueup+1
       02:C3F9  8D 03 00          sta tile+1
                                  .endif
                                  .endif
       02:C3FC  20 76 C5          jsr     draw_tile
  154                             set_tile tile_bluedown, #36, #2
                                  mov     #2, tile_offset
                0000              .if 2 = ARG_REG
                                  .else
       02:C3FF  A9 02             lda #2
       02:C401  8D 01 00          sta tile_offset
                                  .endif
                                  mov     #36, tile_pos
                0000              .if 2 = ARG_REG
                                  .else
       02:C404  A9 24             lda #36
       02:C406  8D 00 00          sta tile_pos
                                  .endif
                                  mov16   tile_bluedown, tile
                0000              .if 6 = ARG_IMMED
                                  .else
                                  mov tile_bluedown, tile
                0000              .if 6 = ARG_REG
                                  .else
       02:C409  AD 48 C8          lda tile_bluedown
       02:C40C  8D 02 00          sta tile
                                  .endif
                                  mov tile_bluedown+1, tile+1
                0000              .if 3 = ARG_REG
                                  .else
       02:C40F  AD 49 C8          lda tile_bluedown+1
       02:C412  8D 03 00          sta tile+1
                                  .endif
                                  .endif
       02:C415  20 76 C5          jsr     draw_tile
  155                             set_tile tile_redup, #37, #2
                                  mov     #2, tile_offset
                0000              .if 2 = ARG_REG
                                  .else
       02:C418  A9 02             lda #2
       02:C41A  8D 01 00          sta tile_offset
                                  .endif
                                  mov     #37, tile_pos
                0000              .if 2 = ARG_REG
                                  .else
       02:C41D  A9 25             lda #37
       02:C41F  8D 00 00          sta tile_pos
                                  .endif
                                  mov16   tile_redup, tile
                0000              .if 6 = ARG_IMMED
                                  .else
                                  mov tile_redup, tile
                0000              .if 6 = ARG_REG
                                  .else
       02:C422  AD 4A C8          lda tile_redup
       02:C425  8D 02 00          sta tile
                                  .endif
                                  mov tile_redup+1, tile+1
                0000              .if 3 = ARG_REG
                                  .else
       02:C428  AD 4B C8          lda tile_redup+1
       02:C42B  8D 03 00          sta tile+1
                                  .endif
                                  .endif
       02:C42E  20 76 C5          jsr     draw_tile
  156                             set_tile tile_reddown, #38, #2
                                  mov     #2, tile_offset
                0000              .if 2 = ARG_REG
                                  .else
       02:C431  A9 02             lda #2
       02:C433  8D 01 00          sta tile_offset
                                  .endif
                                  mov     #38, tile_pos
                0000              .if 2 = ARG_REG
                                  .else
       02:C436  A9 26             lda #38
       02:C438  8D 00 00          sta tile_pos
                                  .endif
                                  mov16   tile_reddown, tile
                0000              .if 6 = ARG_IMMED
                                  .else
                                  mov tile_reddown, tile
                0000              .if 6 = ARG_REG
                                  .else
       02:C43B  AD 4C C8          lda tile_reddown
       02:C43E  8D 02 00          sta tile
                                  .endif
                                  mov tile_reddown+1, tile+1
                0000              .if 3 = ARG_REG
                                  .else
       02:C441  AD 4D C8          lda tile_reddown+1
       02:C444  8D 03 00          sta tile+1
                                  .endif
                                  .endif
       02:C447  20 76 C5          jsr     draw_tile
  157                             set_tile tile_greenup, #39, #2
                                  mov     #2, tile_offset
                0000              .if 2 = ARG_REG
                                  .else
       02:C44A  A9 02             lda #2
       02:C44C  8D 01 00          sta tile_offset
                                  .endif
                                  mov     #39, tile_pos
                0000              .if 2 = ARG_REG
                                  .else
       02:C44F  A9 27             lda #39
       02:C451  8D 00 00          sta tile_pos
                                  .endif
                                  mov16   tile_greenup, tile
                0000              .if 6 = ARG_IMMED
                                  .else
                                  mov tile_greenup, tile
                0000              .if 6 = ARG_REG
                                  .else
       02:C454  AD 4E C8          lda tile_greenup
       02:C457  8D 02 00          sta tile
                                  .endif
                                  mov tile_greenup+1, tile+1
                0000              .if 3 = ARG_REG
                                  .else
       02:C45A  AD 4F C8          lda tile_greenup+1
       02:C45D  8D 03 00          sta tile+1
                                  .endif
                                  .endif
       02:C460  20 76 C5          jsr     draw_tile
  158                             set_tile tile_greendown, #40, #2
                                  mov     #2, tile_offset
                0000              .if 2 = ARG_REG
                                  .else
       02:C463  A9 02             lda #2
       02:C465  8D 01 00          sta tile_offset
                                  .endif
                                  mov     #40, tile_pos
                0000              .if 2 = ARG_REG
                                  .else
       02:C468  A9 28             lda #40
       02:C46A  8D 00 00          sta tile_pos
                                  .endif
                                  mov16   tile_greendown, tile
                0000              .if 6 = ARG_IMMED
                                  .else
                                  mov tile_greendown, tile
                0000              .if 6 = ARG_REG
                                  .else
       02:C46D  AD 50 C8          lda tile_greendown
       02:C470  8D 02 00          sta tile
                                  .endif
                                  mov tile_greendown+1, tile+1
                0000              .if 3 = ARG_REG
                                  .else
       02:C473  AD 51 C8          lda tile_greendown+1
       02:C476  8D 03 00          sta tile+1
                                  .endif
                                  .endif
       02:C479  20 76 C5          jsr     draw_tile
  159                             set_tile tile_blues, #41, #2
                                  mov     #2, tile_offset
                0000              .if 2 = ARG_REG
                                  .else
       02:C47C  A9 02             lda #2
       02:C47E  8D 01 00          sta tile_offset
                                  .endif
                                  mov     #41, tile_pos
                0000              .if 2 = ARG_REG
                                  .else
       02:C481  A9 29             lda #41
       02:C483  8D 00 00          sta tile_pos
                                  .endif
                                  mov16   tile_blues, tile
                0000              .if 6 = ARG_IMMED
                                  .else
                                  mov tile_blues, tile
                0000              .if 6 = ARG_REG
                                  .else
       02:C486  AD 52 C8          lda tile_blues
       02:C489  8D 02 00          sta tile
                                  .endif
                                  mov tile_blues+1, tile+1
                0000              .if 3 = ARG_REG
                                  .else
       02:C48C  AD 53 C8          lda tile_blues+1
       02:C48F  8D 03 00          sta tile+1
                                  .endif
                                  .endif
       02:C492  20 76 C5          jsr     draw_tile
  160                             set_tile tile_reds, #42, #2
                                  mov     #2, tile_offset
                0000              .if 2 = ARG_REG
                                  .else
       02:C495  A9 02             lda #2
       02:C497  8D 01 00          sta tile_offset
                                  .endif
                                  mov     #42, tile_pos
                0000              .if 2 = ARG_REG
                                  .else
       02:C49A  A9 2A             lda #42
       02:C49C  8D 00 00          sta tile_pos
                                  .endif
                                  mov16   tile_reds, tile
                0000              .if 6 = ARG_IMMED
                                  .else
                                  mov tile_reds, tile
                0000              .if 6 = ARG_REG
                                  .else
       02:C49F  AD 54 C8          lda tile_reds
       02:C4A2  8D 02 00          sta tile
                                  .endif
                                  mov tile_reds+1, tile+1
                0000              .if 3 = ARG_REG
                                  .else
       02:C4A5  AD 55 C8          lda tile_reds+1
       02:C4A8  8D 03 00          sta tile+1
                                  .endif
                                  .endif
       02:C4AB  20 76 C5          jsr     draw_tile
  161                             set_tile tile_greens, #43, #2
                                  mov     #2, tile_offset
                0000              .if 2 = ARG_REG
                                  .else
       02:C4AE  A9 02             lda #2
       02:C4B0  8D 01 00          sta tile_offset
                                  .endif
                                  mov     #43, tile_pos
                0000              .if 2 = ARG_REG
                                  .else
       02:C4B3  A9 2B             lda #43
       02:C4B5  8D 00 00          sta tile_pos
                                  .endif
                                  mov16   tile_greens, tile
                0000              .if 6 = ARG_IMMED
                                  .else
                                  mov tile_greens, tile
                0000              .if 6 = ARG_REG
                                  .else
       02:C4B8  AD 56 C8          lda tile_greens
       02:C4BB  8D 02 00          sta tile
                                  .endif
                                  mov tile_greens+1, tile+1
                0000              .if 3 = ARG_REG
                                  .else
       02:C4BE  AD 57 C8          lda tile_greens+1
       02:C4C1  8D 03 00          sta tile+1
                                  .endif
                                  .endif
       02:C4C4  20 76 C5          jsr     draw_tile
  162                             set_tile tile_grays, #44, #2
                                  mov     #2, tile_offset
                0000              .if 2 = ARG_REG
                                  .else
       02:C4C7  A9 02             lda #2
       02:C4C9  8D 01 00          sta tile_offset
                                  .endif
                                  mov     #44, tile_pos
                0000              .if 2 = ARG_REG
                                  .else
       02:C4CC  A9 2C             lda #44
       02:C4CE  8D 00 00          sta tile_pos
                                  .endif
                                  mov16   tile_grays, tile
                0000              .if 6 = ARG_IMMED
                                  .else
                                  mov tile_grays, tile
                0000              .if 6 = ARG_REG
                                  .else
       02:C4D1  AD 58 C8          lda tile_grays
       02:C4D4  8D 02 00          sta tile
                                  .endif
                                  mov tile_grays+1, tile+1
                0000              .if 3 = ARG_REG
                                  .else
       02:C4D7  AD 59 C8          lda tile_grays+1
       02:C4DA  8D 03 00          sta tile+1
                                  .endif
                                  .endif
       02:C4DD  20 76 C5          jsr     draw_tile
  163                             set_tile tile_bluehole, #45, #2
                                  mov     #2, tile_offset
                0000              .if 2 = ARG_REG
                                  .else
       02:C4E0  A9 02             lda #2
       02:C4E2  8D 01 00          sta tile_offset
                                  .endif
                                  mov     #45, tile_pos
                0000              .if 2 = ARG_REG
                                  .else
       02:C4E5  A9 2D             lda #45
       02:C4E7  8D 00 00          sta tile_pos
                                  .endif
                                  mov16   tile_bluehole, tile
                0000              .if 6 = ARG_IMMED
                                  .else
                                  mov tile_bluehole, tile
                0000              .if 6 = ARG_REG
                                  .else
       02:C4EA  AD 5A C8          lda tile_bluehole
       02:C4ED  8D 02 00          sta tile
                                  .endif
                                  mov tile_bluehole+1, tile+1
                0000              .if 3 = ARG_REG
                                  .else
       02:C4F0  AD 5B C8          lda tile_bluehole+1
       02:C4F3  8D 03 00          sta tile+1
                                  .endif
                                  .endif
       02:C4F6  20 76 C5          jsr     draw_tile
  164                             set_tile tile_redhole, #46, #2
                                  mov     #2, tile_offset
                0000              .if 2 = ARG_REG
                                  .else
       02:C4F9  A9 02             lda #2
       02:C4FB  8D 01 00          sta tile_offset
                                  .endif
                                  mov     #46, tile_pos
                0000              .if 2 = ARG_REG
                                  .else
       02:C4FE  A9 2E             lda #46
       02:C500  8D 00 00          sta tile_pos
                                  .endif
                                  mov16   tile_redhole, tile
                0000              .if 6 = ARG_IMMED
                                  .else
                                  mov tile_redhole, tile
                0000              .if 6 = ARG_REG
                                  .else
       02:C503  AD 5C C8          lda tile_redhole
       02:C506  8D 02 00          sta tile
                                  .endif
                                  mov tile_redhole+1, tile+1
                0000              .if 3 = ARG_REG
                                  .else
       02:C509  AD 5D C8          lda tile_redhole+1
       02:C50C  8D 03 00          sta tile+1
                                  .endif
                                  .endif
       02:C50F  20 76 C5          jsr     draw_tile
  165                             set_tile tile_greenhole, #47, #2
                                  mov     #2, tile_offset
                0000              .if 2 = ARG_REG
                                  .else
       02:C512  A9 02             lda #2
       02:C514  8D 01 00          sta tile_offset
                                  .endif
                                  mov     #47, tile_pos
                0000              .if 2 = ARG_REG
                                  .else
       02:C517  A9 2F             lda #47
       02:C519  8D 00 00          sta tile_pos
                                  .endif
                                  mov16   tile_greenhole, tile
                0000              .if 6 = ARG_IMMED
                                  .else
                                  mov tile_greenhole, tile
                0000              .if 6 = ARG_REG
                                  .else
       02:C51C  AD 5E C8          lda tile_greenhole
       02:C51F  8D 02 00          sta tile
                                  .endif
                                  mov tile_greenhole+1, tile+1
                0000              .if 3 = ARG_REG
                                  .else
       02:C522  AD 5F C8          lda tile_greenhole+1
       02:C525  8D 03 00          sta tile+1
                                  .endif
                                  .endif
       02:C528  20 76 C5          jsr     draw_tile
  166                             set_tile tile_blank, #48, #3
                                  mov     #3, tile_offset
                0000              .if 2 = ARG_REG
                                  .else
       02:C52B  A9 03             lda #3
       02:C52D  8D 01 00          sta tile_offset
                                  .endif
                                  mov     #48, tile_pos
                0000              .if 2 = ARG_REG
                                  .else
       02:C530  A9 30             lda #48
       02:C532  8D 00 00          sta tile_pos
                                  .endif
                                  mov16   tile_blank, tile
                0000              .if 6 = ARG_IMMED
                                  .else
                                  mov tile_blank, tile
                0000              .if 6 = ARG_REG
                                  .else
       02:C535  AD 60 C8          lda tile_blank
       02:C538  8D 02 00          sta tile
                                  .endif
                                  mov tile_blank+1, tile+1
                0000              .if 3 = ARG_REG
                                  .else
       02:C53B  AD 61 C8          lda tile_blank+1
       02:C53E  8D 03 00          sta tile+1
                                  .endif
                                  .endif
       02:C541  20 76 C5          jsr     draw_tile
  167                             
  168  02:C544            ppu_on:         
  169  02:C544  20 62 C5          jsr     vwait
  170  02:C547  A9 20             lda     #%00100000
  171  02:C549  8D 00 20          sta     $2000
  172  02:C54C  A9 1A             lda     #%00011010
  173  02:C54E  8D 01 20          sta     $2001
  174                     
  175  02:C551  A2 00             ldx     #0
  176  02:C553            end:
  177  02:C553  4C 53 C5          jmp     end
  178  02:C556  20 62 C5          jsr     vwait
  179  02:C559  A9 00             lda     #0
  180  02:C55B  8E 05 20          stx     $2005
  181  02:C55E  8D 05 20          sta     $2005
  182  02:C561  E8                inx
  183                             
  184                     
  185                             
  186                     
  187                             
  188  02:C562            vwait:  
  189  02:C562  AD 02 20          lda     $2002
  190  02:C565  10 FB             bpl     vwait
  191                     
  192  02:C567  A9 00             lda     #0
  193  02:C569  8D 05 20          sta     $2005
  194  02:C56C  8D 05 20          sta     $2005
  195  02:C56F  8D 06 20          sta     $2006
  196  02:C572  8D 06 20          sta     $2006
  197                     
  198  02:C575  60                rts
  199                     
  200                     
  201                     
  202  02:C576            draw_tile:
  203                             mov     #0, tmp16+1
                0000              .if 2 = ARG_REG
                                  .else
       02:C576  A9 00             lda #0
       02:C578  8D BC 00          sta tmp16+1
                                  .endif
  204                             mov     tile_pos, tmp16
                0000              .if 6 = ARG_REG
                                  .else
       02:C57B  AD 00 00          lda tile_pos
       02:C57E  8D BB 00          sta tmp16
                                  .endif
  205                             asl16   tmp16
       02:C581  0E BC 00          asl tmp16+1
       02:C584  2E BB 00          rol tmp16
  206                             add16   tmp16, #$20C0
       02:C587  18                clc
                0001              .if 2 = ARG_IMMED
       02:C588  AD BB 00          lda tmp16
       02:C58B  69 C0             adc #low(#$20C0)
       02:C58D  8D BB 00          sta tmp16
       02:C590  AD BC 00          lda tmp16+1
       02:C593  69 20             adc #high(#$20C0)
       02:C595  8D BC 00          sta tmp16+1
                                  .else
                                  .endif
  207                             mov     #0, tmp16_2+1
                0000              .if 2 = ARG_REG
                                  .else
       02:C598  A9 00             lda #0
       02:C59A  8D BE 00          sta tmp16_2+1
                                  .endif
  208                             mov     tile_offset, tmp16_2
                0000              .if 6 = ARG_REG
                                  .else
       02:C59D  AD 01 00          lda tile_offset
       02:C5A0  8D BD 00          sta tmp16_2
                                  .endif
  209                             asl16   tmp16_2
       02:C5A3  0E BE 00          asl tmp16_2+1
       02:C5A6  2E BD 00          rol tmp16_2
  210                             asl16   tmp16_2
       02:C5A9  0E BE 00          asl tmp16_2+1
       02:C5AC  2E BD 00          rol tmp16_2
  211                             asl16   tmp16_2
       02:C5AF  0E BE 00          asl tmp16_2+1
       02:C5B2  2E BD 00          rol tmp16_2
  212                             asl16   tmp16_2
       02:C5B5  0E BE 00          asl tmp16_2+1
       02:C5B8  2E BD 00          rol tmp16_2
  213                             asl16   tmp16_2
       02:C5BB  0E BE 00          asl tmp16_2+1
       02:C5BE  2E BD 00          rol tmp16_2
  214                             add16   tmp16, tmp16_2
       02:C5C1  18                clc
                0000              .if 6 = ARG_IMMED
                                  .else
       02:C5C2  AD BB 00          lda tmp16
       02:C5C5  6D BD 00          adc tmp16_2
       02:C5C8  8D BB 00          sta tmp16
       02:C5CB  AD BC 00          lda tmp16+1
       02:C5CE  6D BE 00          adc tmp16_2+1
       02:C5D1  8D BC 00          sta tmp16+1
                                  .endif
  215                                     
  216  02:C5D4  AD BB 00          lda     tmp16
  217  02:C5D7  0A                asl     a
  218  02:C5D8  AD BC 00          lda     tmp16+1
  219  02:C5DB  2A                rol     a
  220  02:C5DC  29 07             and     #%00000111
  221  02:C5DE  0A                asl     a
  222  02:C5DF  0A                asl     a
  223  02:C5E0  0A                asl     a
  224  02:C5E1  8D BE 00          sta     tmp16_2+1
  225  02:C5E4  AD BB 00          lda     tmp16
  226  02:C5E7  29 1C             and     #%00011100
  227  02:C5E9  4A                lsr     a
  228  02:C5EA  4A                lsr     a
  229  02:C5EB  0D BE 00          ora     tmp16_2+1
  230  02:C5EE  69 C0             adc     #$C0    
  231                     
  232  02:C5F0  A2 23             ldx     #$23
  233  02:C5F2  8E 06 20          stx     $2006           ; set address of thing
  234  02:C5F5  8D 06 20          sta     $2006   
  235  02:C5F8  AE 07 20          ldx     $2007           ; invalid data
  236  02:C5FB  AE 07 20          ldx     $2007           ; correct data
  237  02:C5FE  A0 23             ldy     #$23
  238  02:C600  8C 06 20          sty     $2006           ; reset address
  239  02:C603  8D 06 20          sta     $2006
  240                     
  241  02:C606  AD BB 00          lda     tmp16           ; find the bit
  242  02:C609  29 42             and     #%01000010
  243  02:C60B  D0 12             bne     .test1
  244  02:C60D  AD 03 00          lda     tile+1
  245  02:C610  29 03             and     #%00000011
  246  02:C612  8D BA 00          sta     tmp
  247  02:C615  8A                txa
  248  02:C616  0D BA 00          ora     tmp
  249  02:C619  8D 07 20          sta     $2007           ; set the color
  250  02:C61C  4C 5A C6          jmp     .update_tile
  251                     
  252  02:C61F  C9 02     .test1: cmp     #%00000010
  253  02:C621  D0 12             bne     .test2
  254  02:C623  AD 03 00          lda     tile+1
  255  02:C626  29 0C             and     #%00001100
  256  02:C628  8D BA 00          sta     tmp
  257  02:C62B  8A                txa
  258  02:C62C  0D BA 00          ora     tmp
  259  02:C62F  8D 07 20          sta     $2007
  260  02:C632  4C 5A C6          jmp     .update_tile
  261                     
  262  02:C635  C9 40     .test2: cmp     #%01000000
  263  02:C637  D0 12             bne     .test3
  264  02:C639  AD 03 00          lda     tile+1
  265  02:C63C  29 30             and     #%00110000
  266  02:C63E  8D BA 00          sta     tmp
  267  02:C641  8A                txa
  268  02:C642  0D BA 00          ora     tmp
  269  02:C645  8D 07 20          sta     $2007
  270  02:C648  4C 5A C6          jmp     .update_tile
  271                     
  272  02:C64B  AD 03 00  .test3: lda     tile+1
  273  02:C64E  29 C0             and     #%11000000
  274  02:C650  8D BA 00          sta     tmp
  275  02:C653  8A                txa
  276  02:C654  0D BA 00          ora     tmp
  277  02:C657  8D 07 20          sta     $2007
  278                             
  279                     
  280  02:C65A            .update_tile:                                           
  281  02:C65A  AD BC 00          lda     tmp16+1
  282  02:C65D  8D 06 20          sta     $2006
  283  02:C660  AD BB 00          lda     tmp16
  284  02:C663  8D 06 20          sta     $2006
  285  02:C666  AD 02 00          lda     tile
  286  02:C669  8D 07 20          sta     $2007           ; update the tile
  287                     
  288                             add16   tmp16, #1       ; next part (right)
       02:C66C  18                clc
                0001              .if 2 = ARG_IMMED
       02:C66D  AD BB 00          lda tmp16
       02:C670  69 01             adc #low(#1)
       02:C672  8D BB 00          sta tmp16
       02:C675  AD BC 00          lda tmp16+1
       02:C678  69 00             adc #high(#1)
       02:C67A  8D BC 00          sta tmp16+1
                                  .else
                                  .endif
  289  02:C67D  AD BC 00          lda     tmp16+1
  290  02:C680  8D 06 20          sta     $2006
  291  02:C683  AD BB 00          lda     tmp16
  292  02:C686  8D 06 20          sta     $2006
  293  02:C689  EE 02 00          inc     tile
  294  02:C68C  AD 02 00          lda     tile
  295  02:C68F  8D 07 20          sta     $2007           ; update the tile
  296                     
  297                             add16   tmp16, #$20     ; next part (down)
       02:C692  18                clc
                0001              .if 2 = ARG_IMMED
       02:C693  AD BB 00          lda tmp16
       02:C696  69 20             adc #low(#$20)
       02:C698  8D BB 00          sta tmp16
       02:C69B  AD BC 00          lda tmp16+1
       02:C69E  69 00             adc #high(#$20)
       02:C6A0  8D BC 00          sta tmp16+1
                                  .else
                                  .endif
  298  02:C6A3  AD BC 00          lda     tmp16+1
  299  02:C6A6  8D 06 20          sta     $2006
  300  02:C6A9  AD BB 00          lda     tmp16
  301  02:C6AC  8D 06 20          sta     $2006
  302  02:C6AF  AD 02 00          lda     tile
  303  02:C6B2  18                clc
  304  02:C6B3  69 10             adc     #$10
  305  02:C6B5  8D 02 00          sta     tile
  306  02:C6B8  8D 07 20          sta     $2007           ; update the tile
  307                     
  308                             add16   tmp16, #$FFFF   ; last part (left)
       02:C6BB  18                clc
                0001              .if 2 = ARG_IMMED
       02:C6BC  AD BB 00          lda tmp16
       02:C6BF  69 FF             adc #low(#$FFFF)
       02:C6C1  8D BB 00          sta tmp16
       02:C6C4  AD BC 00          lda tmp16+1
       02:C6C7  69 FF             adc #high(#$FFFF)
       02:C6C9  8D BC 00          sta tmp16+1
                                  .else
                                  .endif
  309  02:C6CC  AD BC 00          lda     tmp16+1
  310  02:C6CF  8D 06 20          sta     $2006
  311  02:C6D2  AD BB 00          lda     tmp16
  312  02:C6D5  8D 06 20          sta     $2006
  313  02:C6D8  CE 02 00          dec     tile
  314  02:C6DB  AD 02 00          lda     tile
  315  02:C6DE  8D 07 20          sta     $2007           ; update the tile
  316                     
  317  02:C6E1  60                rts
  318                     
  319                     
  320                     ;;; some data
  321           E000              .data
  322           0002              .bank   2
  323           C800              .org    $C800
#[2]   tiles.inc
  324                             .include "tiles.inc"
    1  02:C800  6C 00     tile_brick:     .db     $6C,$00
    2  02:C802  02 55     tile_red:       .db     $02,$55
    3  02:C804  02 AA     tile_blue:      .db     $02,$AA
    4  02:C806  02 00     tile_gray:      .db     $02,$00
    5  02:C808  02 FF     tile_green:     .db     $02,$FF
    6  02:C80A  04 AA     tile_exit:      .db     $04,$AA
    7  02:C80C  06 00     tile_hole:      .db     $06,$00
    8  02:C80E  6E 00     tile_yellow:    .db     $6E,$00
    9  02:C810  08 55     tile_laser:     .db     $08,$55
   10  02:C812  44 00     tile_spot:      .db     $44,$00
   11  02:C814  0A 55     tile_stop:      .db     $0A,$55
   12  02:C816  20 00     tile_right:     .db     $20,$00
   13  02:C818  24 00     tile_left:      .db     $24,$00
   14  02:C81A  26 00     tile_up:        .db     $26,$00
   15  02:C81C  22 00     tile_down:      .db     $22,$00
   16  02:C81E  0C 00     tile_rough:     .db     $0C,$00
   17  02:C820  80 55     tile_elec:      .db     $80,$55
   18  02:C822  28 55     tile_on:        .db     $28,$55
   19  02:C824  2A 00     tile_off:       .db     $2A,$00
   20  02:C826  0E 00     tile_tele:      .db     $0E,$00
   21  02:C828  46 00     tile_break:     .db     $46,$00
   22  02:C82A  2C 00     tile_lr:        .db     $2C,$00
   23  02:C82C  2E 00     tile_ud:        .db     $2E,$00
   24  02:C82E  40 00     tile_0:         .db     $40,$00
   25  02:C830  42 00     tile_1:         .db     $42,$00
   26  02:C832  48 00     tile_w1:        .db     $48,$00
   27  02:C834  4A 00     tile_w2:        .db     $4A,$00
   28  02:C836  4C 00     tile_w3:        .db     $4C,$00
   29  02:C838  4E 00     tile_w4:        .db     $4E,$00
   30  02:C83A  60 00     tile_w5:        .db     $60,$00
   31  02:C83C  62 00     tile_w6:        .db     $62,$00
   32  02:C83E  64 00     tile_ws:        .db     $64,$00
   33  02:C840  66 AA     tile_wb:        .db     $66,$AA
   34  02:C842  66 55     tile_wr:        .db     $66,$55
   35  02:C844  66 FF     tile_wg:        .db     $66,$FF
   36  02:C846  68 AA     tile_blueup:    .db     $68,$AA
   37  02:C848  6C AA     tile_bluedown:  .db     $6C,$AA
   38  02:C84A  68 55     tile_redup:     .db     $68,$55
   39  02:C84C  6C 55     tile_reddown:   .db     $6C,$55
   40  02:C84E  68 FF     tile_greenup:   .db     $68,$FF
   41  02:C850  6C FF     tile_greendown: .db     $6C,$FF
   42  02:C852  6A AA     tile_blues:     .db     $6A,$AA
   43  02:C854  6A 55     tile_reds:      .db     $6A,$55
   44  02:C856  6A FF     tile_greens:    .db     $6A,$FF
   45  02:C858  6A 00     tile_grays:     .db     $6A,$00
   46  02:C85A  82 AA     tile_bluehole:  .db     $82,$AA
   47  02:C85C  82 55     tile_redhole:   .db     $82,$55
   48  02:C85E  82 FF     tile_greenhole: .db     $82,$FF
   49  02:C860  00 00     tile_blank:     .db     $00,$00
#[1]   title.s
  325                                     
  326                             
  327                     ;;; vectors
  328           0003              .bank   3
  329           FFFA              .org    $FFFA
  330  03:FFFA  00 C0             .dw     start,start,start
       03:FFFC  00 C0     
       03:FFFE  00 C0     
  331                     
  332                     
  333           0004              .bank   4
  334  04:0000                    .incbin "escape.chr"
  335  04:1000                    .incbin "debug.chr"
